Microchip MPLAB XC8 Compiler V2.45

Linker command line:

-W-3 \
  --edf=D:\Program Files\Microchip\xc8\v2.45\pic\dat\20230818022343_en.msgs \
  -cn -h+dist/default/debug\code.debug.sym \
  --cmf=dist/default/debug\code.debug.cmf -z -Q18F4620 \
  -oC:\Users\gaming3\AppData\Local\Temp\xcAs87g.\driver_tmp_3.o \
  --defsym=__MPLAB_BUILD=1 --fixupoverflow=error \
  -Mdist/default/debug/code.debug.map \
  --md=C:\Users\gaming3\AppData\Local\Temp\xcAs87g.\driver_tmp_0.dat -E1 \
  -ver=XC8 Compiler --acfsm=1493 -ACODE=00h-0FFFFh -ACONST=00h-0FFFFh \
  -ASMALLCONST=01000h-010FFhx240 -AMEDIUMCONST=01000h-0FFFFh \
  -ACOMRAM=01h-07Fh -AABS1=00h-0F7Fh -ABIGRAM=01h-0F7Fh \
  -ARAM=080h-0FFh,0100h-01FFhx14,0F00h-0F7Fh -ABANK0=080h-0FFh \
  -ABANK1=0100h-01FFh -ABANK2=0200h-02FFh -ABANK3=0300h-03FFh \
  -ABANK4=0400h-04FFh -ABANK5=0500h-05FFh -ABANK6=0600h-06FFh \
  -ABANK7=0700h-07FFh -ABANK8=0800h-08FFh -ABANK9=0900h-09FFh \
  -ABANK10=0A00h-0AFFh -ABANK11=0B00h-0BFFh -ABANK12=0C00h-0CFFh \
  -ABANK13=0D00h-0DFFh -ABANK14=0E00h-0EFFh -ABANK15=0F00h-0F7Fh \
  -ASFR=0F80h-0FFFh -ABIGSFR=0F80h-0FFFh -ACONFIG=0300000h-030000Dh \
  -AIDLOC=0200000h-0200007h -AEEDATA=0F00000h-0F003FFh -peeprom_data=EEDATA \
  -preset_vec=00h,intcode=08h,intcodelo,powerup,init -pramtop=01000h \
  -psmallconst=SMALLCONST -pmediumconst=MEDIUMCONST -pconst=CONST \
  -AFARRAM=00h-00h \
  -prdata=COMRAM,nvrram=COMRAM,nvbit=COMRAM,rbss=COMRAM,rbit=COMRAM \
  -pfarbss=FARRAM,fardata=FARRAM,nvFARRAM=FARRAM \
  -pintsave_regs=BIGRAM,bigbss=BIGRAM,bigdata=BIGRAM -pbss=RAM \
  -pidata=CODE,irdata=CODE,ibigdata=CODE,ifardata=CODE -prparam=COMRAM \
  C:\Users\gaming3\AppData\Local\Temp\xcAs87g.\driver_tmp_14.o \
  dist/default/debug\code.debug.o 

Object code version is 3.11

Machine type is 18F4620



                Name                               Link     Load   Length Selector   Space Scale
C:\Users\gaming3\AppData\Local\Temp\xcAs87g.\driver_tmp_14.o
                config                           300000   300000        E        0       4
                init                                  E        E        4        4       0
                reset_vec                             0        0        4        0       0
dist/default/debug\code.debug.o
                intcode                               8        8        6        4       0
                config                           300000   300000        E        0       4
                temp                                 79       79        1        1       1
                smallconst                         1000     1000       58      800       0
                text43                             26DE     26DE        4     1342       0
                text42                             26DA     26DA        4     1342       0
                text41                             26D6     26D6        4     1342       0
                text40                             26C2     26C2        C     1342       0
                text39                             26CE     26CE        8     1342       0
                text38                             26B6     26B6        C     1342       0
                text37                             2190     2190       5C      82C       0
                text36                             2550     2550       36      82C       0
                intcode_body                       19A6     19A6       F6      82C       0
                text34                             2684     2684       1A     1342       0
                text33                             14BE     14BE      16C      82C       0
                text32                             25EE     25EE       30      82C       0
                text31                             1D4A     1D4A       C4      82C       0
                text30                             1E0E     1E0E       B0      82C       0
                text29                             25BA     25BA       34      82C       0
                text28                             26E2     26E2        2     1342       0
                text27                             1EBE     1EBE       AA      82C       0
                text26                             12FE     12FE      1C0      82C       0
                text25                             24A2     24A2       40      82C       0
                text24                             2586     2586       34      82C       0
                text23                             2460     2460       42      82C       0
                text22                             1A9C     1A9C       E8      82C       0
                text21                             1896     1896      110      82C       0
                text20                             1B84     1B84       E4      82C       0
                text19                             23D2     23D2       4C      82C       0
                text18                             2646     2646       22     1323       0
                text17                             2386     2386       4C      82C       0
                text16                             1FF2     1FF2       78      82C       0
                text15                             233A     233A       4C      82C       0
                text14                             1F68     1F68       8A      82C       0
                text13                             251A     251A       36      82C       0
                text12                             24E2     24E2       38      82C       0
                text11                             206A     206A       64      82C       0
                text10                             162A     162A      146      82C       0
                text9                              1058     1058      2A6      82C       0
                text8                              21EC     21EC       5A      82C       0
                text7                              1770     1770      126      82C       0
                text6                              2130     2130       60      82C       0
                text5                              2246     2246       54      82C       0
                text4                              1C68     1C68       E2      82C       0
                text3                              241E     241E       42      82C       0
                text2                              229A     229A       52      82C       0
                text1                              22EC     22EC       4E      82C       0
                text0                              269E     269E       18     1342       0
                cstackCOMRAM                          1        1       35        1       1
                cstackBANK0                          C7       C7        5       80       1
                dataBANK0                            80       80       27       80       1
                bssBANK0                             A7       A7       20       80       1
                dataCOMRAM                           5E       5E       1B        1       1
                bssCOMRAM                            36       36       28        1       1
                cinit                              20CE     20CE       62      82C       0
                idataBANK0                         261E     261E       27      82C       0
                idataCOMRAM                        2668     2668       1B     1323       0

TOTAL           Name                               Link     Load   Length     Space
        CLASS   CODE           
                intcode                               8        8        6         0
                init                                  E        E        4         0
                reset_vec                             0        0        4         0
                text43                             26DE     26DE        4         0
                text42                             26DA     26DA        4         0
                text41                             26D6     26D6        4         0
                text40                             26C2     26C2        C         0
                text39                             26CE     26CE        8         0
                text38                             26B6     26B6        C         0
                text37                             2190     2190       5C         0
                text36                             2550     2550       36         0
                intcode_body                       19A6     19A6       F6         0
                text34                             2684     2684       1A         0
                text33                             14BE     14BE      16C         0
                text32                             25EE     25EE       30         0
                text31                             1D4A     1D4A       C4         0
                text30                             1E0E     1E0E       B0         0
                text29                             25BA     25BA       34         0
                text28                             26E2     26E2        2         0
                text27                             1EBE     1EBE       AA         0
                text26                             12FE     12FE      1C0         0
                text25                             24A2     24A2       40         0
                text24                             2586     2586       34         0
                text23                             2460     2460       42         0
                text22                             1A9C     1A9C       E8         0
                text21                             1896     1896      110         0
                text20                             1B84     1B84       E4         0
                text19                             23D2     23D2       4C         0
                text18                             2646     2646       22         0
                text17                             2386     2386       4C         0
                text16                             1FF2     1FF2       78         0
                text15                             233A     233A       4C         0
                text14                             1F68     1F68       8A         0
                text13                             251A     251A       36         0
                text12                             24E2     24E2       38         0
                text11                             206A     206A       64         0
                text10                             162A     162A      146         0
                text9                              1058     1058      2A6         0
                text8                              21EC     21EC       5A         0
                text7                              1770     1770      126         0
                text6                              2130     2130       60         0
                text5                              2246     2246       54         0
                text4                              1C68     1C68       E2         0
                text3                              241E     241E       42         0
                text2                              229A     229A       52         0
                text1                              22EC     22EC       4E         0
                text0                              269E     269E       18         0
                cinit                              20CE     20CE       62         0
                idataBANK0                         261E     261E       27         0
                idataCOMRAM                        2668     2668       1B         0

        CLASS   CONST          

        CLASS   SMALLCONST     
                smallconst                         1000     1000       58         0

        CLASS   MEDIUMCONST    

        CLASS   COMRAM         
                temp                                 79       79        1         1
                cstackCOMRAM                          1        1       35         1
                dataCOMRAM                           5E       5E       1B         1
                bssCOMRAM                            36       36       28         1

        CLASS   ABS1           

        CLASS   BIGRAM         

        CLASS   RAM            

        CLASS   BANK0          
                cstackBANK0                          C7       C7        5         1
                dataBANK0                            80       80       27         1
                bssBANK0                             A7       A7       20         1

        CLASS   BANK1          

        CLASS   BANK2          

        CLASS   BANK3          

        CLASS   BANK4          

        CLASS   BANK5          

        CLASS   BANK6          

        CLASS   BANK7          

        CLASS   BANK8          

        CLASS   BANK9          

        CLASS   BANK10         

        CLASS   BANK11         

        CLASS   BANK12         

        CLASS   BANK13         

        CLASS   BANK14         

        CLASS   BANK15         

        CLASS   SFR            

        CLASS   BIGSFR         

        CLASS   CONFIG         
                config                           300000   300000        E         4

        CLASS   IDLOC          

        CLASS   EEDATA         

        CLASS   FARRAM         

        CLASS   HEAP           

        CLASS   STACK          



SEGMENTS        Name                           Load    Length   Top    Selector   Space  Class

                reset_vec                      000000  000004  000004         0       0  CODE    
                cstackCOMRAM                   000001  000079  00007A         1       1  COMRAM  
                intcode                        000008  00000A  000012         4       0  CODE    
                dataBANK0                      000080  00004C  0000CC        80       1  BANK0   
                smallconst                     001000  000058  001058       800       0  SMALLCON
                text9                          001058  0015ED  002645       82C       0  CODE    
                text18                         002646  00003D  002683      1323       0  CODE    
                text34                         002684  000060  0026E4      1342       0  CODE    


UNUSED ADDRESS RANGES

        Name                Unused          Largest block    Delta
        BANK0            0000CC-0000FF               34
        BANK1            000100-0001FF              100
        BANK10           000A00-000AFF              100
        BANK11           000B00-000BFF              100
        BANK12           000C00-000CFF              100
        BANK13           000D00-000DFF              100
        BANK14           000E00-000EFF              100
        BANK15           000F00-000F7F               80
        BANK2            000200-0002FF              100
        BANK3            000300-0003FF              100
        BANK4            000400-0004FF              100
        BANK5            000500-0005FF              100
        BANK6            000600-0006FF              100
        BANK7            000700-0007FF              100
        BANK8            000800-0008FF              100
        BANK9            000900-0009FF              100
        BIGRAM           00007A-00007F                6
                         0000CC-000F7F              EB4
        BIGSFR           000F80-000FFF               80
        CODE             000004-000007                4
                         000012-000FFF              FEE
                         002645-002645                1
                         002683-002683                1
                         0026E4-00FFFF             D91C
        COMRAM           00007A-00007F                6
        CONST            000004-000007                4
                         000012-000FFF              FEE
                         002645-002645                1
                         002683-002683                1
                         0026E4-00FFFF             D91C
        EEDATA           F00000-F003FF              400
        IDLOC            200000-200007                8
        MEDIUMCONST      002645-002645                1
                         002683-002683                1
                         0026E4-00FFFF             D91C
        RAM              0000CC-000F7F              100
        SFR              000F80-000FFF               80
        SMALLCONST       002645-002645                1
                         002683-002683                1
                         0026E4-00FFFF              100

                                  Symbol Table

?___awdiv                                cstackCOMRAM 000003
?___awmod                                cstackCOMRAM 000003
?_abs                                    cstackCOMRAM 000009
?_sprintf                                cstackCOMRAM 00001C
?_vfprintf                               cstackCOMRAM 000018
Set_Time@L_value                         cstackCOMRAM 000035
Set_Time@display_value                   cstackCOMRAM 000031
Timer0_DeInit@obj                        cstackCOMRAM 000003
Timer0_Init@obj                          cstackCOMRAM 000003
_EEADR                                   (abs)        000FA9
_EEADRH                                  (abs)        000FAA
_EECON1bits                              (abs)        000FA6
_EECON2                                  (abs)        000FA7
_EEDATA                                  (abs)        000FA8
_INT0_ISR                                text43       0026DE
_INT0_InterruptHandler                   bssCOMRAM    000054
_INT1_ISR                                text42       0026DA
_INT1_InterruptHandler                   bssCOMRAM    000052
_INT2_ISR                                text41       0026D6
_INT2_InterruptHandler                   bssCOMRAM    000050
_INTCON2bits                             (abs)        000FF1
_INTCON3bits                             (abs)        000FF0
_INTCONbits                              (abs)        000FF2
_InterruptManger                         intcode      000008
_LATA                                    (abs)        000F89
_LATB                                    (abs)        000F8A
_LATC                                    (abs)        000F8B
_LATD                                    (abs)        000F8C
_LATE                                    (abs)        000F8D
_Line_H1                                 bssCOMRAM    00005D
_Line_H2                                 dataCOMRAM   000078
_Line_M1                                 dataCOMRAM   000077
_Line_M2                                 dataCOMRAM   000076
_Line_S1                                 dataCOMRAM   000075
_Line_S2                                 dataCOMRAM   000074
_PIE1bits                                (abs)        000F9D
_PIE2bits                                (abs)        000FA0
_PIR1bits                                (abs)        000F9E
_PIR2bits                                (abs)        000FA1
_PORTA                                   (abs)        000F80
_PORTB                                   (abs)        000F81
_PORTC                                   (abs)        000F82
_PORTD                                   (abs)        000F83
_PORTE                                   (abs)        000F84
_Set_Time                                text9        001058
_T0CONbits                               (abs)        000FD5
_T1CONbits                               (abs)        000FCD
_T2CONbits                               (abs)        000FCA
_T3CONbits                               (abs)        000FB1
_TMR0H                                   (abs)        000FD7
_TMR0L                                   (abs)        000FD6
_TMR0_ISR                                text37       002190
_TMR1H                                   (abs)        000FCF
_TMR1L                                   (abs)        000FCE
_TMR1_ISR                                text40       0026C2
_TMR1_InterruptHandler                   bssCOMRAM    000042
_TMR1_preload                            bssCOMRAM    000040
_TMR2                                    (abs)        000FCC
_TMR2_ISR                                text39       0026CE
_TMR2_InterruptHandler                   bssCOMRAM    00003E
_TMR2_preload                            bssCOMRAM    000057
_TMR3H                                   (abs)        000FB3
_TMR3L                                   (abs)        000FB2
_TMR3_ISR                                text38       0026B6
_TMR3_InterruptHandler                   bssCOMRAM    00003C
_TMR3_preload                            bssCOMRAM    00003A
_TRISA                                   (abs)        000F92
_TRISB                                   (abs)        000F93
_TRISC                                   (abs)        000F94
_TRISD                                   (abs)        000F95
_TRISE                                   (abs)        000F96
_Timer0_DeInit                           text34       002684
_Timer0_ISR                              text36       002550
_Timer0_Init                             text33       0014BE
_Timer0_InterruptHandler                 bssCOMRAM    000046
__HRAM                                   (abs)        000000
__H__absolute__                          __absolute__ 000000
__Habs1                                  abs1         000000
__Hbank0                                 bank0        000000
__Hbank1                                 bank1        000000
__Hbank10                                bank10       000000
__Hbank11                                bank11       000000
__Hbank12                                bank12       000000
__Hbank13                                bank13       000000
__Hbank14                                bank14       000000
__Hbank15                                bank15       000000
__Hbank2                                 bank2        000000
__Hbank3                                 bank3        000000
__Hbank4                                 bank4        000000
__Hbank5                                 bank5        000000
__Hbank6                                 bank6        000000
__Hbank7                                 bank7        000000
__Hbank8                                 bank8        000000
__Hbank9                                 bank9        000000
__Hbigbss                                bigbss       000000
__Hbigdata                               bigdata      000000
__Hbigram                                bigram       000000
__Hbigsfr                                bigsfr       000000
__Hbss                                   bss          000000
__HbssBANK0                              bssBANK0     000000
__HbssCOMRAM                             bssCOMRAM    000000
__Hcinit                                 cinit        000000
__Hclrtext                               clrtext      000000
__Hcomram                                comram       000000
__Hconfig                                config       30000E
__Hconst                                 const        000000
__HcstackBANK0                           cstackBANK0  000000
__HcstackCOMRAM                          cstackCOMRAM 000000
__Hdata                                  data         000000
__HdataBANK0                             dataBANK0    000000
__HdataCOMRAM                            dataCOMRAM   000000
__Heeprom_data                           eeprom_data  000000
__Hfarbss                                farbss       000000
__Hfardata                               fardata      000000
__Hheap                                  heap         000000
__Hibigdata                              ibigdata     000000
__Hidata                                 idata        000000
__HidataBANK0                            idataBANK0   000000
__HidataCOMRAM                           idataCOMRAM  000000
__Hidloc                                 idloc        000000
__Hifardata                              ifardata     000000
__Hinit                                  init         000012
__Hintcode                               intcode      00000E
__Hintcode_body                          intcode_body 000000
__Hintcodelo                             intcodelo    00000E
__Hintentry                              intentry     000000
__Hintret                                intret       000000
__Hintsave_regs                          intsave_regs 000000
__Hirdata                                irdata       000000
__Hmediumconst                           mediumconst  000000
__HnvFARRAM                              nvFARRAM     000000
__Hnvbit                                 nvbit        000000
__Hnvrram                                nvrram       000000
__Hparam                                 rparam       000000
__Hpowerup                               powerup      00000E
__Hram                                   ram          000000
__Hramtop                                ramtop       001000
__Hrbit                                  rbit         000000
__Hrbss                                  rbss         000000
__Hrdata                                 rdata        000000
__Hreset_vec                             reset_vec    000004
__Hrparam                                rparam       000000
__Hsfr                                   sfr          000000
__Hsmallconst                            smallconst   001058
__Hspace_0                               (abs)        0026E4
__Hspace_1                               (abs)        0000CC
__Hspace_2                               (abs)        000000
__Hspace_4                               (abs)        60000E
__Hstack                                 stack        000000
__Hstruct                                struct       000000
__Htemp                                  temp         00007A
__Htext                                  text         000000
__Htext0                                 text0        000000
__Htext1                                 text1        000000
__Htext10                                text10       000000
__Htext11                                text11       000000
__Htext12                                text12       000000
__Htext13                                text13       000000
__Htext14                                text14       000000
__Htext15                                text15       000000
__Htext16                                text16       000000
__Htext17                                text17       000000
__Htext18                                text18       000000
__Htext19                                text19       000000
__Htext2                                 text2        000000
__Htext20                                text20       000000
__Htext21                                text21       000000
__Htext22                                text22       000000
__Htext23                                text23       000000
__Htext24                                text24       000000
__Htext25                                text25       000000
__Htext26                                text26       000000
__Htext27                                text27       000000
__Htext28                                text28       000000
__Htext29                                text29       000000
__Htext3                                 text3        000000
__Htext30                                text30       000000
__Htext31                                text31       000000
__Htext32                                text32       000000
__Htext33                                text33       000000
__Htext34                                text34       000000
__Htext36                                text36       000000
__Htext37                                text37       000000
__Htext38                                text38       000000
__Htext39                                text39       000000
__Htext4                                 text4        000000
__Htext40                                text40       000000
__Htext41                                text41       000000
__Htext42                                text42       000000
__Htext43                                text43       000000
__Htext44                                text44       000000
__Htext5                                 text5        000000
__Htext6                                 text6        000000
__Htext7                                 text7        000000
__Htext8                                 text8        000000
__Htext9                                 text9        000000
__LRAM                                   (abs)        000001
__L__absolute__                          __absolute__ 000000
__Labs1                                  abs1         000000
__Lbank0                                 bank0        000000
__Lbank1                                 bank1        000000
__Lbank10                                bank10       000000
__Lbank11                                bank11       000000
__Lbank12                                bank12       000000
__Lbank13                                bank13       000000
__Lbank14                                bank14       000000
__Lbank15                                bank15       000000
__Lbank2                                 bank2        000000
__Lbank3                                 bank3        000000
__Lbank4                                 bank4        000000
__Lbank5                                 bank5        000000
__Lbank6                                 bank6        000000
__Lbank7                                 bank7        000000
__Lbank8                                 bank8        000000
__Lbank9                                 bank9        000000
__Lbigbss                                bigbss       000000
__Lbigdata                               bigdata      000000
__Lbigram                                bigram       000000
__Lbigsfr                                bigsfr       000000
__Lbss                                   bss          000000
__LbssBANK0                              bssBANK0     000000
__LbssCOMRAM                             bssCOMRAM    000000
__Lcinit                                 cinit        000000
__Lclrtext                               clrtext      000000
__Lcomram                                comram       000000
__Lconfig                                config       000000
__Lconst                                 const        000000
__LcstackBANK0                           cstackBANK0  000000
__LcstackCOMRAM                          cstackCOMRAM 000000
__Ldata                                  data         000000
__LdataBANK0                             dataBANK0    000000
__LdataCOMRAM                            dataCOMRAM   000000
__Leeprom_data                           eeprom_data  000000
__Lfarbss                                farbss       000000
__Lfardata                               fardata      000000
__Lheap                                  heap         000000
__Libigdata                              ibigdata     000000
__Lidata                                 idata        000000
__LidataBANK0                            idataBANK0   000000
__LidataCOMRAM                           idataCOMRAM  000000
__Lidloc                                 idloc        000000
__Lifardata                              ifardata     000000
__Linit                                  init         00000E
__Lintcode                               intcode      000008
__Lintcode_body                          intcode_body 000000
__Lintcodelo                             intcodelo    00000E
__Lintentry                              intentry     000000
__Lintret                                intret       000000
__Lintsave_regs                          intsave_regs 000000
__Lirdata                                irdata       000000
__Lmediumconst                           mediumconst  000000
__LnvFARRAM                              nvFARRAM     000000
__Lnvbit                                 nvbit        000000
__Lnvrram                                nvrram       000000
__Lparam                                 rparam       000000
__Lpowerup                               powerup      00000E
__Lram                                   ram          000000
__Lramtop                                ramtop       001000
__Lrbit                                  rbit         000000
__Lrbss                                  rbss         000000
__Lrdata                                 rdata        000000
__Lreset_vec                             reset_vec    000000
__Lrparam                                rparam       000000
__Lsfr                                   sfr          000000
__Lsmallconst                            smallconst   001000
__Lspace_0                               (abs)        000000
__Lspace_1                               (abs)        000000
__Lspace_2                               (abs)        000000
__Lspace_4                               (abs)        000000
__Lstack                                 stack        000000
__Lstruct                                struct       000000
__Ltemp                                  temp         000079
__Ltext                                  text         000000
__Ltext0                                 text0        000000
__Ltext1                                 text1        000000
__Ltext10                                text10       000000
__Ltext11                                text11       000000
__Ltext12                                text12       000000
__Ltext13                                text13       000000
__Ltext14                                text14       000000
__Ltext15                                text15       000000
__Ltext16                                text16       000000
__Ltext17                                text17       000000
__Ltext18                                text18       000000
__Ltext19                                text19       000000
__Ltext2                                 text2        000000
__Ltext20                                text20       000000
__Ltext21                                text21       000000
__Ltext22                                text22       000000
__Ltext23                                text23       000000
__Ltext24                                text24       000000
__Ltext25                                text25       000000
__Ltext26                                text26       000000
__Ltext27                                text27       000000
__Ltext28                                text28       000000
__Ltext29                                text29       000000
__Ltext3                                 text3        000000
__Ltext30                                text30       000000
__Ltext31                                text31       000000
__Ltext32                                text32       000000
__Ltext33                                text33       000000
__Ltext34                                text34       000000
__Ltext36                                text36       000000
__Ltext37                                text37       000000
__Ltext38                                text38       000000
__Ltext39                                text39       000000
__Ltext4                                 text4        000000
__Ltext40                                text40       000000
__Ltext41                                text41       000000
__Ltext42                                text42       000000
__Ltext43                                text43       000000
__Ltext44                                text44       000000
__Ltext5                                 text5        000000
__Ltext6                                 text6        000000
__Ltext7                                 text7        000000
__Ltext8                                 text8        000000
__Ltext9                                 text9        000000
__S0                                     (abs)        0026E4
__S1                                     (abs)        0000CC
__S4                                     (abs)        000000
__S5                                     (abs)        000000
___awdiv                                 text31       001D4A
___awdiv@counter                         cstackCOMRAM 000007
___awdiv@dividend                        cstackCOMRAM 000003
___awdiv@divisor                         cstackCOMRAM 000005
___awdiv@quotient                        cstackCOMRAM 000009
___awdiv@sign                            cstackCOMRAM 000008
___awmod                                 text30       001E0E
___awmod@counter                         cstackCOMRAM 000007
___awmod@dividend                        cstackCOMRAM 000003
___awmod@divisor                         cstackCOMRAM 000005
___awmod@sign                            cstackCOMRAM 000008
___heap_hi                               (abs)        000000
___heap_lo                               (abs)        000000
___inthi_sp                              stack        000000
___inthi_stack_hi                        stack        000000
___inthi_stack_lo                        stack        000000
___intlo_sp                              stack        000000
___intlo_stack_hi                        stack        000000
___intlo_stack_lo                        stack        000000
___param_bank                            (abs)        000000
___rparam_used                           (abs)        000001
___sp                                    stack        000000
___stack_hi                              stack        000000
___stack_lo                              stack        000000
__accesstop                              (abs)        000080
__activetblptr                           (abs)        000003
__end_of_INT0_ISR                        text43       0026E2
__end_of_INT1_ISR                        text42       0026DE
__end_of_INT2_ISR                        text41       0026DA
__end_of_InterruptManger                 intcode_body 001A9C
__end_of_Set_Time                        text9        0012FE
__end_of_TMR0_ISR                        text37       0021EC
__end_of_TMR1_ISR                        text40       0026CE
__end_of_TMR2_ISR                        text39       0026D6
__end_of_TMR3_ISR                        text38       0026C2
__end_of_Timer0_DeInit                   text34       00269E
__end_of_Timer0_ISR                      text36       002586
__end_of_Timer0_Init                     text33       00162A
__end_of___awdiv                         text31       001E0E
__end_of___awmod                         text30       001EBE
__end_of__initialization                 cinit        002126
__end_of_abs                             text29       0025EE
__end_of_clock_setting                   text8        002246
__end_of_convert_byte_to_string          text23       0024A2
__end_of_fputc                           text27       001F68
__end_of_gpio_pin_Read_logic             text22       001B84
__end_of_gpio_pin_Write_logic            text21       0019A6
__end_of_gpio_pin_direction_intialize    text7        001896
__end_of_gpio_pin_intialize              text5        00229A
__end_of_gpio_port_Write_logic           text12       00251A
__end_of_int_value                       smallconst   001012
__end_of_intialization                   text2        0022EC
__end_of_keypad_get_value                text20       001C68
__end_of_keypad_intialize                text6        002190
__end_of_keypad_value@ecu_keypad$F379    smallconst   001011
__end_of_lcd_4bit_intialize              text4        001D4A
__end_of_lcd_4bit_send_command           text15       002386
__end_of_lcd_4bit_send_data              text17       0023D2
__end_of_lcd_4bit_send_string            text16       00206A
__end_of_lcd_4bit_send_string_pos        text13       002550
__end_of_main                            text0        0026B6
__end_of_memset                          text32       00261E
__end_of_putch                           text28       0026E4
__end_of_segment_intialize               text3        002460
__end_of_segment_write_number            text11       0020CE
__end_of_send_4bit                       text19       00241E
__end_of_send_4bit_enable_signal         text18       002668
__end_of_set_cursor_4bit                 text14       001FF2
__end_of_sprintf                         text24       0025BA
__end_of_vfpfcnvrt                       text26       0014BE
__end_of_vfprintf                        text25       0024E2
__end_of_welcome_message                 text1        00233A
__end_of_write_clock                     text10       001770
__initialization                         cinit        0020CE
__mediumconst                            mediumconst  000000
__pbssBANK0                              bssBANK0     0000A7
__pbssCOMRAM                             bssCOMRAM    000036
__pcinit                                 cinit        0020CE
__pcstackBANK0                           cstackBANK0  0000C7
__pcstackCOMRAM                          cstackCOMRAM 000001
__pdataBANK0                             dataBANK0    000080
__pdataCOMRAM                            dataCOMRAM   00005E
__pidataBANK0                            idataBANK0   00261E
__pidataCOMRAM                           idataCOMRAM  002668
__pintcode                               intcode      000008
__pintcode_body                          intcode_body 0019A6
__psmallconst                            smallconst   001000
__ptext0                                 text0        00269E
__ptext1                                 text1        0022EC
__ptext10                                text10       00162A
__ptext11                                text11       00206A
__ptext12                                text12       0024E2
__ptext13                                text13       00251A
__ptext14                                text14       001F68
__ptext15                                text15       00233A
__ptext16                                text16       001FF2
__ptext17                                text17       002386
__ptext18                                text18       002646
__ptext19                                text19       0023D2
__ptext2                                 text2        00229A
__ptext20                                text20       001B84
__ptext21                                text21       001896
__ptext22                                text22       001A9C
__ptext23                                text23       002460
__ptext24                                text24       002586
__ptext25                                text25       0024A2
__ptext26                                text26       0012FE
__ptext27                                text27       001EBE
__ptext28                                text28       0026E2
__ptext29                                text29       0025BA
__ptext3                                 text3        00241E
__ptext30                                text30       001E0E
__ptext31                                text31       001D4A
__ptext32                                text32       0025EE
__ptext33                                text33       0014BE
__ptext34                                text34       002684
__ptext36                                text36       002550
__ptext37                                text37       002190
__ptext38                                text38       0026B6
__ptext39                                text39       0026CE
__ptext4                                 text4        001C68
__ptext40                                text40       0026C2
__ptext41                                text41       0026D6
__ptext42                                text42       0026DA
__ptext43                                text43       0026DE
__ptext44                                text44       000000
__ptext5                                 text5        002246
__ptext6                                 text6        002130
__ptext7                                 text7        001770
__ptext8                                 text8        0021EC
__ptext9                                 text9        001058
__ramtop                                 ramtop       001000
__smallconst                             smallconst   001000
_abs                                     text29       0025BA
_clock                                   dataCOMRAM   00006F
_clock_setting                           text8        0021EC
_convert_byte_to_string                  text23       002460
_counter                                 bssCOMRAM    00005B
_dbuf                                    bssBANK0     0000A7
_delay                                   dataBANK0    00009E
_display_counter                         bssCOMRAM    000059
_flags                                   bssCOMRAM    000056
_fputc                                   text27       001EBE
_gpio_pin_Read_logic                     text22       001A9C
_gpio_pin_Write_logic                    text21       001896
_gpio_pin_direction_intialize            text7        001770
_gpio_pin_intialize                      text5        002246
_gpio_port_Write_logic                   text12       0024E2
_hours                                   dataCOMRAM   00005E
_intialization                           text2        00229A
_keypad                                  dataCOMRAM   000061
_keypad_get_value                        text20       001B84
_keypad_intialize                        text6        002130
_keypad_value                            bssCOMRAM    00005C
_keypad_value@ecu_keypad$F379            smallconst   001001
_lat_registers                           dataBANK0    00008A
_lcd                                     dataCOMRAM   000069
_lcd_4bit_intialize                      text4        001C68
_lcd_4bit_send_command                   text15       00233A
_lcd_4bit_send_data                      text17       002386
_lcd_4bit_send_string                    text16       001FF2
_lcd_4bit_send_string_pos                text13       00251A
_lcd_counter                             bssCOMRAM    000058
_main                                    text0        00269E
_memset                                  text32       0025EE
_min                                     dataCOMRAM   00005F
_port_registers                          dataBANK0    000080
_prec                                    bssCOMRAM    000038
_putch                                   text28       0026E2
_sec                                     dataCOMRAM   000060
_segment_intialize                       text3        00241E
_segment_write_number                    text11       00206A
_send_4bit                               text19       0023D2
_send_4bit_enable_signal                 text18       002646
_set_cursor_4bit                         text14       001F68
_setting_counter                         bssCOMRAM    00005A
_sprintf                                 text24       002586
_tmr0_preload                            bssCOMRAM    000044
_tris_registers                          dataBANK0    000094
_vfpfcnvrt                               text26       0012FE
_vfprintf                                text25       0024A2
_welcome_message                         text1        0022EC
_width                                   bssCOMRAM    000036
_write_clock                             text10       00162A
abs@a                                    cstackCOMRAM 000009
btemp                                    temp         000079
convert_byte_to_string@str               cstackCOMRAM 00002D
convert_byte_to_string@value             cstackCOMRAM 00002E
end_of_initialization                    cinit        002126
fputc@c                                  cstackCOMRAM 000003
fputc@fp                                 cstackCOMRAM 000005
gpio_pin_Read_logic@_pin_config          cstackCOMRAM 000003
gpio_pin_Read_logic@logic                cstackCOMRAM 000004
gpio_pin_Read_logic@ret                  cstackCOMRAM 000009
gpio_pin_Write_logic@_pin_config         cstackCOMRAM 000003
gpio_pin_Write_logic@logic               cstackCOMRAM 000004
gpio_pin_Write_logic@ret                 cstackCOMRAM 00000A
gpio_pin_direction_intialize@_pin_config cstackCOMRAM 000003
gpio_pin_direction_intialize@ret         cstackCOMRAM 000009
gpio_pin_intialize@_pin_config           cstackCOMRAM 00000B
gpio_pin_intialize@ret                   cstackCOMRAM 00000D
gpio_port_Write_logic@logic              cstackCOMRAM 000003
gpio_port_Write_logic@port               cstackCOMRAM 000006
int$flags                                temp         000079
int_func                                 intcode_body 0019A6
intlevel0                                text         000000
intlevel1                                text         000000
intlevel2                                text         000000
intlevel3                                text         000000
isa$std                                  (abs)        000001
isa$xinst                                (abs)        000000
keypad_get_value@col_val                 cstackCOMRAM 00000E
keypad_get_value@columns_counter         cstackCOMRAM 000011
keypad_get_value@keypad_obj              cstackCOMRAM 00000B
keypad_get_value@rows_counter            cstackCOMRAM 000010
keypad_get_value@rows_counter2           cstackCOMRAM 00000F
keypad_get_value@value                   cstackCOMRAM 00000C
keypad_intialize@columns_counter         cstackCOMRAM 00000D
keypad_intialize@keypad_obj              cstackCOMRAM 00000A
keypad_intialize@ret                     cstackCOMRAM 00000B
keypad_intialize@rows_counter            cstackCOMRAM 00000C
lcd_4bit_intialize@lcd                   cstackCOMRAM 00000F
lcd_4bit_intialize@ret                   cstackCOMRAM 000011
lcd_4bit_send_command@command            cstackCOMRAM 00000E
lcd_4bit_send_command@lcd                cstackCOMRAM 00000D
lcd_4bit_send_data@data                  cstackCOMRAM 00000E
lcd_4bit_send_data@lcd                   cstackCOMRAM 00000D
lcd_4bit_send_string@lcd                 cstackCOMRAM 00000F
lcd_4bit_send_string@str                 cstackCOMRAM 000010
lcd_4bit_send_string_pos@column          cstackCOMRAM 000016
lcd_4bit_send_string_pos@lcd             cstackCOMRAM 000014
lcd_4bit_send_string_pos@row             cstackCOMRAM 000015
lcd_4bit_send_string_pos@str             cstackCOMRAM 000017
memset@c                                 cstackCOMRAM 000004
memset@dest                              cstackCOMRAM 000003
memset@n                                 cstackCOMRAM 000006
memset@p                                 cstackCOMRAM 000008
segment_intialize@ret                    cstackCOMRAM 00000B
segment_intialize@seg                    cstackCOMRAM 00000A
segment_write_number@number              cstackCOMRAM 00000C
segment_write_number@ret                 cstackCOMRAM 00000D
segment_write_number@seg                 cstackCOMRAM 00000B
send_4bit@_data_command                  cstackCOMRAM 00000C
send_4bit@lcd                            cstackCOMRAM 00000B
send_4bit_enable_signal@lcd              cstackCOMRAM 00000B
set_cursor_4bit@column                   cstackCOMRAM 000011
set_cursor_4bit@lcd                      cstackCOMRAM 00000F
set_cursor_4bit@row                      cstackCOMRAM 000010
sprintf@ap                               cstackCOMRAM 000020
sprintf@f                                cstackCOMRAM 000021
sprintf@fmt                              cstackCOMRAM 00001D
sprintf@s                                cstackCOMRAM 00001C
stackhi                                  (abs)        000000
stacklo                                  (abs)        000000
start                                    init         00000E
start_initialization                     cinit        0020CE
ttemp5                                   temp         00007A
ttemp6                                   temp         00007D
ttemp7                                   temp         000081
vfpfcnvrt@ap                             cstackCOMRAM 00000F
vfpfcnvrt@c                              cstackCOMRAM 000017
vfpfcnvrt@convarg                        cstackCOMRAM 000013
vfpfcnvrt@cp                             cstackCOMRAM 000012
vfpfcnvrt@done                           cstackCOMRAM 000011
vfpfcnvrt@fmt                            cstackCOMRAM 00000E
vfpfcnvrt@fp                             cstackCOMRAM 00000D
vfprintf@ap                              cstackCOMRAM 00001A
vfprintf@cfmt                            cstackCOMRAM 00001B
vfprintf@fmt                             cstackCOMRAM 000019
vfprintf@fp                              cstackCOMRAM 000018
wtemp8                                   temp         00007A


MODULE INFORMATION

Module		Function		Class		Link	Load	Size
ECU_LAYER/KEYPAD/ecu_keypad.c
		_keypad_get_value		CODE           	1B84	0000	228
		_keypad_intialize		CODE           	2130	0000	96

ECU_LAYER/KEYPAD/ecu_keypad.c estimated size: 324

MCAL_LAYER/Timer0/timer0.c
		_Timer0_ISR    		CODE           	2550	0000	54
		_Timer0_Init   		CODE           	14BE	0000	364
		_Timer0_DeInit 		CODE           	2684	0000	26

MCAL_LAYER/Timer0/timer0.c estimated size: 444

MCAL_LAYER/interrupt/mcal_interrupt_mamager.c
		_InterruptManger		CODE           	0008	0000	252

MCAL_LAYER/interrupt/mcal_interrupt_mamager.c estimated size: 252

D:\Program Files\Microchip\xc8\v2.45\pic\sources\c99\common\awdiv.c
		___awdiv       		CODE           	1D4A	0000	196

D:\Program Files\Microchip\xc8\v2.45\pic\sources\c99\common\awdiv.c estimated size: 196

D:\Program Files\Microchip\xc8\v2.45\pic\sources\c99\common\abs.c
		_abs           		CODE           	25BA	0000	52

D:\Program Files\Microchip\xc8\v2.45\pic\sources\c99\common\abs.c estimated size: 52

D:\Program Files\Microchip\xc8\v2.45\pic\sources\c99\common\nf_sprintf.c
		_sprintf       		CODE           	2586	0000	52

D:\Program Files\Microchip\xc8\v2.45\pic\sources\c99\common\nf_sprintf.c estimated size: 52

MCAL_LAYER/GPIO/hal_gpio.c
		_gpio_pin_Write_logic		CODE           	1896	0000	272
		_gpio_pin_intialize		CODE           	2246	0000	84
		_gpio_pin_Read_logic		CODE           	1A9C	0000	232
		_gpio_pin_direction_intialize		CODE           	1770	0000	294
		_gpio_port_Write_logic		CODE           	24E2	0000	56

MCAL_LAYER/GPIO/hal_gpio.c estimated size: 938

D:\Program Files\Microchip\xc8\v2.45\pic\sources\c99\common\memset.c
		_memset        		CODE           	25EE	0000	48

D:\Program Files\Microchip\xc8\v2.45\pic\sources\c99\common\memset.c estimated size: 48

function.c
		_clock_setting 		CODE           	21EC	0000	90
		_welcome_message		CODE           	22EC	0000	78
		_write_clock   		CODE           	162A	0000	326
		_intialization 		CODE           	229A	0000	82
		_TMR0_ISR      		CODE           	2190	0000	92
		_Set_Time      		CODE           	1058	0000	678

function.c estimated size: 1346

MCAL_LAYER/Timer1/TMR1.c
		_TMR1_ISR      		CODE           	26C2	0000	12

MCAL_LAYER/Timer1/TMR1.c estimated size: 12

D:\Program Files\Microchip\xc8\v2.45\pic\sources\c99\common\nf_fputc.c
		_fputc         		CODE           	1EBE	0000	170

D:\Program Files\Microchip\xc8\v2.45\pic\sources\c99\common\nf_fputc.c estimated size: 170

D:\Program Files\Microchip\xc8\v2.45\pic\sources\c99\common\doprnt.c
		_vfpfcnvrt     		CODE           	12FE	0000	448
		_vfprintf      		CODE           	24A2	0000	64

D:\Program Files\Microchip\xc8\v2.45\pic\sources\c99\common\doprnt.c estimated size: 512

shared
		_keypad_value@ecu_keypad$F379		SMALLCONST     	1001	0000	16
		__initialization		CODE           	20CE	0000	88
		_int_value     		SMALLCONST     	0000	0000	0

shared estimated size: 104

MCAL_LAYER/Timer2/TMR2.c
		_TMR2_ISR      		CODE           	26CE	0000	8

MCAL_LAYER/Timer2/TMR2.c estimated size: 8

ECU_LAYER/SEGMENT/segment.c
		_segment_intialize		CODE           	241E	0000	66
		_segment_write_number		CODE           	206A	0000	100

ECU_LAYER/SEGMENT/segment.c estimated size: 166

ECU_LAYER/LCD/ecu_lcd.c
		_send_4bit_enable_signal		CODE           	2646	0000	34
		_lcd_4bit_send_data		CODE           	2386	0000	76
		_lcd_4bit_send_command		CODE           	233A	0000	76
		_lcd_4bit_send_string_pos		CODE           	251A	0000	54
		_lcd_4bit_intialize		CODE           	1C68	0000	226
		_send_4bit     		CODE           	23D2	0000	76
		_convert_byte_to_string		CODE           	2460	0000	66
		_set_cursor_4bit		CODE           	1F68	0000	138
		_lcd_4bit_send_string		CODE           	1FF2	0000	120

ECU_LAYER/LCD/ecu_lcd.c estimated size: 866

D:\Program Files\Microchip\xc8\v2.45\pic\sources\c99\common\awmod.c
		___awmod       		CODE           	1E0E	0000	176

D:\Program Files\Microchip\xc8\v2.45\pic\sources\c99\common\awmod.c estimated size: 176

MCAL_LAYER/interrupt/mcal_external_interrupt.c
		_INT0_ISR      		CODE           	26DE	0000	4
		_INT1_ISR      		CODE           	26DA	0000	4
		_INT2_ISR      		CODE           	26D6	0000	4

MCAL_LAYER/interrupt/mcal_external_interrupt.c estimated size: 12

D:\Program Files\Microchip\xc8\v2.45\pic\sources\c99\common\putch.c
		_putch         		CODE           	26E2	0000	2

D:\Program Files\Microchip\xc8\v2.45\pic\sources\c99\common\putch.c estimated size: 2

MCAL_LAYER/Timer3/TMR3.c
		_TMR3_ISR      		CODE           	26B6	0000	12

MCAL_LAYER/Timer3/TMR3.c estimated size: 12

main.c
		_main          		CODE           	269E	0000	24

main.c estimated size: 24

